# url=https://genius.com/Kinoko-teikoku-kinmokusei-no-yoru-lyrics
META::[きのこ帝国「金木犀の夜」 歌詞]

META::[ヴァース 1]
だいたい夜はちょっと
感傷的になって
金木犀の香りを辿る

META::[ヴァース 2]
何でもないふりしても
声が聞きたくなって
電話番号を思い出そうとしてみる

META::[プリコーラス]
かける、かけない
会いたい、会いたくない
いつの間にか
随分遠くまで来てしまったな

META::[コーラス]
あの頃の二人は
時が経っても消えやしないよね
いつか他の誰かを
好きになったとしても忘れないで

META::[ヴァース 3]
だんだん寒くなって
夏は通り過ぎてた
金木犀の香りで気付く

META::[ヴァース 4]
どうでもいいふりしても
君が好きなアイスみつけて
深夜のコンビニで急に引き戻される

META::[プリコーラス]
消える、消えない
泣きたい、泣きたくない
いつかきっと笑って話せる日が
来るなんて本当かな

META::[コーラス]
あの頃の二人は
怖いものなど何も無かったね
いつか他の誰かを
好きになったとしても忘れないよ

META::[ヴァース 1]
だいたい夜はちょっと
感傷的になって
金木犀の香りを辿る