# url=https://genius.com/Genius-romanizations-kinoko-teikoku-school-fiction-romanized-lyrics
META::[きのこ帝国「スクールフィクション」羅馬拼音歌詞]

META::[Verse 1]
Sugiyuku hibi no naka ni hizomu
Kyoubou na boku ga atama wo motageru
Poketto no naka ni oshikomerarete
Shiawase ka, to boku ni tazuneru

META::[Verse 2]
Jibun de kaita detarame na houteishiki wa
Muhun darake no bokura mitai da
Shinjite wa utagai, muri ni warai
Shiawase da yo, to uso wo tsuita

META::[Pre-Chorus]
Waratta kao de naiteru mitai da
Tsugi wa donna uso ga umareru
Nanimo shirazu nanimo kikazu nanimo mizu ni
Iretara ii no ni

META::[Chorus]
Kasanete yugamete sakesunde toutonde
Yorisotte hishimeite
Nayande kuyande mayotte iki koroshite
Ikiru imi wo sagashiteiru
Sagashiteyuku

META::[Verse 3]
Suisou no naka no sakana tachi ga
Mabataki mo sezu kochira wo miteiru
Tsumetaku tsumetaku togisumasareteiku
Fukaku kugureba daremo furеnai

META::[Pre-Chorus]
Fujiyuu dearu koto wo hokoreru dake darou ka
Nanimo shirazu nanimo kikazu nanimo mizu ni
Wakaranai mama

META::[Chorus]
Kasanеte yugamete sakesunde toutonde
Yorisotte hishimeite
Nayande kuyande mayotte iki koroshite
Ikiru imi wo sagashiteiru
Sagashiteyuku

META::[Outro]
Kasanete kurabete
Nayande kuyande mayotte iki koroshite
Ikiru imi wo sagashite sagashite
Ikiro