# url=https://www.musixmatch.com/lyrics/Kinokoteikoku-2/%E9%87%91%E6%9C%A8%E7%8A%80%E3%81%AE%E5%A4%9C

META::[verse]
だいたい夜はちょっと
感傷的になって
金木犀の香りを辿る

何でもないふりしても
声が聴きたくなって
電話番号を思い出そうとしてみる

META::[pre-chorus]
かける、かけない
会いたい、会いたくない
いつの間にか
随分遠くまで来てしまったな あぁ

META::[chorus]
あの頃のふたりは
時が経っても消えやしないよね
いつか他の誰かを
好きになったとしても忘れないで

META::[hook]
Tu-tu-tu, tu-tu-tu, tu-tu-tu
Tu-tu-tu, tu-tu-tu, tu-tu-tu

META::[verse]
だんだん寒くなって
夏は通り過ぎてた
金木犀の香りで気付く

どうでもいいふりしても
きみが好きなアイスみつけて
深夜のコンビニで急に引き戻される

META::[pre-chorus]
消える、消えない
泣きたい、泣きたくない
いつかきっと笑って話せる日が
来るなんて本当かな

META::[chorus]
あの頃のふたりは
怖いものなど何も無かったね
いつか他の誰かを
好きになったとしても忘れないよ

META::[hook]
Oh-wow
Tu-tu-tu, tu-tu-tu, tu-tu-tu
Tu-tu-tu, tu-tu-tu, tu-tu-tu

META::[outro]
だいたい夜はちょっと
感傷的になって
金木犀の香りを辿る